// Jest Snapshot v1, https://goo.gl/fbAQLP

exports[`should dispatch action to backward on stack trace 1`] = `
Array [
  Object {
    "type": "BACKWARD_STACK",
  },
]
`;

exports[`should dispatch action to forward on stack trace 1`] = `
Array [
  Object {
    "payload": Object {
      "newStack": Array [
        "c8f50f7cd317669d25aedba7415f8a1cbaadbab0",
      ],
    },
    "type": "FORWARD_STACK",
  },
]
`;

exports[`should dispatch action to update directory 1`] = `
Array [
  Object {
    "payload": Object {
      "newId": "c8f50f7cd317669d25aedba7415f8a1cbaadbab0",
      "newList": Array [
        Object {
          "name": ".babelrc",
          "oid": "d42ea8be8b19750c64dc2a305cbd198739e9adbe",
          "type": "blob",
        },
        Object {
          "name": ".dockerignore",
          "oid": "c8f50f7cd317669d25aedba7415f8a1cbaadbab0",
          "type": "blob",
        },
        Object {
          "name": ".eslintrc.js",
          "oid": "29e7593c8ba8c3aedfcf2f78750e43ec428e367f",
          "type": "blob",
        },
      ],
    },
    "type": "UPDATE_DIRECTORY",
  },
]
`;
