// Jest Snapshot v1, https://goo.gl/fbAQLP

exports[`should handle STAR_CHANGE 1`] = `
Object {
  "description": "",
  "homepage": "",
  "id": "",
  "name": "",
  "owner": "",
  "starred": false,
  "watching": false,
}
`;

exports[`should handle UPDATE_REPOSITORY 1`] = `
Object {
  "description": "hi!",
  "homepage": "com.ar.jhon",
  "id": "asdaksdlksd==",
  "name": "Jhon-Doe-Repo",
  "owner": "JDoe",
  "starred": false,
  "watching": undefined,
}
`;

exports[`should handle WATCH_CHANGE 1`] = `
Object {
  "description": "",
  "homepage": "",
  "id": "",
  "name": "",
  "owner": "",
  "starred": false,
  "watching": false,
}
`;

exports[`should return the initial state 1`] = `
Object {
  "description": "",
  "homepage": "",
  "id": "",
  "name": "",
  "owner": "",
  "starred": false,
  "watching": false,
}
`;
